../Drivers/STM32L4xx_HAL_Driver/Inc/stm32l4xx_ll_gpio.h:985:22:LL_GPIO_ResetOutputPin	1
../Drivers/STM32L4xx_HAL_Driver/Inc/stm32l4xx_ll_tim.h:1478:22:LL_TIM_EnableCounter	1
../Drivers/STM32L4xx_HAL_Driver/Inc/stm32l4xx_ll_tim.h:1489:22:LL_TIM_DisableCounter	1
../Drivers/STM32L4xx_HAL_Driver/Inc/stm32l4xx_ll_tim.h:1731:22:LL_TIM_SetCounter	1
../Drivers/STM32L4xx_HAL_Driver/Inc/stm32l4xx_ll_tim.h:1744:26:LL_TIM_GetCounter	1
../Core/Src/main.c:89:5:main	13
../Core/Src/main.c:187:6:SystemClock_Config	4
../Core/Src/main.c:235:5:__io_putchar	1
../Core/Src/main.c:243:6:HAL_UARTEx_RxEventCallback	6
../Core/Src/main.c:280:6:HAL_GPIO_EXTI_Callback	3
../Core/Src/main.c:328:6:Error_Handler	1
